
MESSA                                                                           
-----                                                                           
hello                                                                           

